// Jest Snapshot v1, https://goo.gl/fbAQLP

exports[`Forecast Details it renders correctly 1`] = `[Function]`;
